python : INFO: Testing extraction with: 
E:\ACCA-MCQ-Website\sample_mcqs.pdf
At line:1 char:1
+ python test_extraction.py > test_output.txt 2>&1
+ ~~~~~~~~~~~~~~~~~~~~~~~~~~~~~~~~~~~~~~~~~~~~~~~~
    + CategoryInfo          : NotSpecified: (INFO: Testing e...sam 
   ple_mcqs.pdf:String) [], RemoteException
    + FullyQualifiedErrorId : NativeCommandError
 
INFO: File size: 1957 bytes
INFO: Read 1957 bytes from PDF
INFO: Starting PDF extraction process...
INFO: Trying PyMuPDF extraction...
INFO: Cleaning and normalizing extracted text...
INFO: Trying Groq-based extraction...
DEBUG: load_ssl_context verify=True cert=None trust_env=True 
http2=False
DEBUG: load_verify_locations cafile='C:\\Users\\ayanm\\AppData\\Loc
al\\Programs\\Python\\Python313\\Lib\\site-packages\\certifi\\cacer
t.pem'
INFO: Processing text chunk 1/1...
INFO: \U0001f4e4 Sending to Groq for enhanced MCQ extraction...
DEBUG: Request options: {'method': 'post', 'url': 
'/openai/v1/chat/completions', 'files': None, 'idempotency_key': 
'stainless-python-retry-0b54b316-7aa7-4d8c-bc5f-e41951b1a00e', 
'json_data': {'messages': [{'role': 'user', 'content': 'You are an 
expert MCQ extraction system. Your ONLY job is to extract ALL 
multiple-choice questions from the provided text and return them 
as valid JSON.\n\nCRITICAL RULES (MUST FOLLOW):\n1. Extract EVERY 
single question you find - be thorough and comprehensive\n2. 
Questions may be formatted in ANY way - adapt to all formats\n3. 
ALWAYS return ONLY a valid JSON array - NOTHING ELSE, NO 
MARKDOWN\n4. Each question MUST have these exact fields: question, 
options, correct_option, explanation\n\nRESPONSE FORMAT (MUST BE 
VALID JSON - NO MARKDOWN):\n[\n  {\n    "question": "Question text 
without numbers or prefixes",\n    "options": ["Option 1", "Option 
2", "Option 3"],\n    "correct_option": 0,\n    "explanation": 
"Why this answer is correct"\n  },\n  {\n    "question": "Another 
question",\n    "options": ["Option A", "Option B", "Option C", 
"Option D"],\n    "correct_option": 2,\n    "explanation": 
"Explanation for this answer"\n  }\n]\n\nEXTRACTION RULES:\n1. 
Remove ALL question prefixes: Q1, 1., Question 1, etc.\n2. Remove 
ALL option markers: A), B), ò, 1), -, etc.\n3. Combine multi-line 
options into single lines\n4. Trim ALL whitespace\n5. Keep 2-6 
options per question (remove if more than 6)\n6. correct_option 
MUST be 0-based index (0=first, 1=second, etc.)\n\nFINDING CORRECT 
ANSWERS (PRIORITY ORDER):\n1. Look for explicit markers: "Answer: 
A", "Correct: B", "Key: C", "*", "\u2713"\n2. If found, convert 
letter to 0-based index (A=0, B=1, C=2, D=3, etc.)\n3. If NOT 
found, use your expert knowledge to determine the best answer\n4. 
If completely uncertain, default to 0\n\nEXAMPLES (FOLLOW 
EXACTLY):\nInput: "1. What is 2+2?\nA) 3\nB) 4\nC) 5\nAnswer: 
B"\nOutput: {"question": "What is 2+2?", "options": ["3", "4", 
"5"], "correct_option": 1, "explanation": "2+2 equals 
4"}\n\nInput: "Q1: Capital of France?\nò Paris\nò London\nò 
Berlin"\nOutput: {"question": "Capital of France?", "options": 
["Paris", "London", "Berlin"], "correct_option": 0, "explanation": 
"Paris is the capital of France"}\n\nInput: "Which planet is 
largest?\nA) Earth\nB) Jupiter\nC) Saturn\nD) Mars"\nOutput: 
{"question": "Which planet is largest?", "options": ["Earth", 
"Jupiter", "Saturn", "Mars"], "correct_option": 1, "explanation": 
"Jupiter is the largest planet"}\n\nTEXT TO EXTRACT FROM:\n1. What 
is the capital of France?\nA) Paris\nB) London\nC) Berlin\nD) 
Rome\n2. Which number is a prime?\nA) 21\nB) 29\nC) 39\nD) 51\n3. 
ACCA stands for?\nA) Association of Chartered Certified 
Accountants\nB) American Council of Commerce Administration\nC) 
Accounting Committee Corporate Authority\nD) Allied Chartered 
Council of Auditors\n\nFINAL INSTRUCTION: Return ONLY valid JSON 
array. No markdown, no code blocks, no explanations. If you cannot 
extract any questions, return an empty array: []'}], 'model': 
'llama-3.3-70b-versatile', 'max_tokens': 4096, 'temperature': 0.3}}
DEBUG: Sending HTTP Request: POST 
https://api.groq.com/openai/v1/chat/completions
DEBUG: connect_tcp.started host='api.groq.com' port=443 
local_address=None timeout=5.0 socket_options=None
DEBUG: connect_tcp.complete 
return_value=<httpcore._backends.sync.SyncStream object at 
0x0000019E06681010>
DEBUG: start_tls.started ssl_context=<ssl.SSLContext object at 
0x0000019E05B7FE30> server_hostname='api.groq.com' timeout=5.0
DEBUG: start_tls.complete 
return_value=<httpcore._backends.sync.SyncStream object at 
0x0000019E06698410>
DEBUG: send_request_headers.started request=<Request [b'POST']>
DEBUG: send_request_headers.complete
DEBUG: send_request_body.started request=<Request [b'POST']>
DEBUG: send_request_body.complete
DEBUG: receive_response_headers.started request=<Request [b'POST']>
DEBUG: receive_response_headers.complete 
return_value=(b'HTTP/1.1', 200, b'OK', [(b'Date', b'Thu, 27 Nov 
2025 17:39:10 GMT'), (b'Content-Type', b'application/json'), 
(b'Transfer-Encoding', b'chunked'), (b'Connection', 
b'keep-alive'), (b'Cache-Control', b'private, max-age=0, no-store, 
no-cache, must-revalidate'), (b'Server', b'cloudflare'), (b'vary', 
b'Origin'), (b'x-groq-region', b'bom'), 
(b'x-ratelimit-limit-requests', b'1000'), 
(b'x-ratelimit-limit-tokens', b'12000'), 
(b'x-ratelimit-remaining-requests', b'965'), 
(b'x-ratelimit-remaining-tokens', b'11191'), 
(b'x-ratelimit-reset-requests', b'50m24s'), 
(b'x-ratelimit-reset-tokens', b'4.045s'), (b'x-request-id', 
b'req_01kb36bh7tfdmvhry4rq10q04y'), (b'via', b'1.1 google'), 
(b'cf-cache-status', b'DYNAMIC'), (b'Content-Encoding', b'gzip'), 
(b'Set-Cookie', b'__cf_bm=wBSjtlzi7PqNUuAbEN0m.mtB_sDoQic.AkGmT1l4X
ik-1764265149.6514175-1.0.1.1-1GhPBfkNBHRLkLJJGXkSpnrn8GiWYNkBhG4J1
0BcJeOu32xTq5ksDz.fO9xvj0LZmjkKsQgXoLRXZNNuzP0cXasbQqwt0fYVapcw5zMc
v58q8K6bLoKjqoChwhB9Ty2T; HttpOnly; Secure; Path=/; 
Domain=groq.com; Expires=Thu, 27 Nov 2025 18:09:10 GMT'), 
(b'CF-RAY', b'9a5367414b8dd18a-SIN'), (b'alt-svc', b'h3=":443"; 
ma=86400')])
INFO: HTTP Request: POST 
https://api.groq.com/openai/v1/chat/completions "HTTP/1.1 200 OK"
DEBUG: receive_response_body.started request=<Request [b'POST']>
DEBUG: receive_response_body.complete
DEBUG: response_closed.started
DEBUG: response_closed.complete
DEBUG: HTTP Response: POST 
https://api.groq.com/openai/v1/chat/completions "200 OK" 
Headers({'date': 'Thu, 27 Nov 2025 17:39:10 GMT', 'content-type': 
'application/json', 'transfer-encoding': 'chunked', 'connection': 
'keep-alive', 'cache-control': 'private, max-age=0, no-store, 
no-cache, must-revalidate', 'server': 'cloudflare', 'vary': 
'Origin', 'x-groq-region': 'bom', 'x-ratelimit-limit-requests': 
'1000', 'x-ratelimit-limit-tokens': '12000', 
'x-ratelimit-remaining-requests': '965', 
'x-ratelimit-remaining-tokens': '11191', 
'x-ratelimit-reset-requests': '50m24s', 
'x-ratelimit-reset-tokens': '4.045s', 'x-request-id': 
'req_01kb36bh7tfdmvhry4rq10q04y', 'via': '1.1 google', 
'cf-cache-status': 'DYNAMIC', 'content-encoding': 'gzip', 
'set-cookie': '__cf_bm=wBSjtlzi7PqNUuAbEN0m.mtB_sDoQic.AkGmT1l4Xik-
1764265149.6514175-1.0.1.1-1GhPBfkNBHRLkLJJGXkSpnrn8GiWYNkBhG4J10Bc
JeOu32xTq5ksDz.fO9xvj0LZmjkKsQgXoLRXZNNuzP0cXasbQqwt0fYVapcw5zMcv58
q8K6bLoKjqoChwhB9Ty2T; HttpOnly; Secure; Path=/; Domain=groq.com; 
Expires=Thu, 27 Nov 2025 18:09:10 GMT', 'cf-ray': 
'9a5367414b8dd18a-SIN', 'alt-svc': 'h3=":443"; ma=86400'})
INFO: \U0001f4e5 Groq response length: 705 chars
INFO: \u2753 No valid answer for: What is the capital of 
France?... Using Groq to identify...
DEBUG: load_ssl_context verify=True cert=None trust_env=True 
http2=False
DEBUG: load_verify_locations cafile='C:\\Users\\ayanm\\AppData\\Loc
al\\Programs\\Python\\Python313\\Lib\\site-packages\\certifi\\cacer
t.pem'
DEBUG: Request options: {'method': 'post', 'url': 
'/openai/v1/chat/completions', 'files': None, 'idempotency_key': 
'stainless-python-retry-885cb34d-bb8c-4be6-9cad-f8771e23bb25', 
'json_data': {'messages': [{'role': 'user', 'content': 'You are an 
expert at answering multiple-choice questions. \nFor the following 
question, select the SINGLE BEST answer from the given 
options.\n\nQuestion: What is the capital of 
France?\n\nOptions:\nA) Paris\nB) London\nC) Berlin\nD) 
Rome\n\nINSTRUCTIONS:\n1. Analyze the question and all options 
carefully\n2. If the question is unclear or lacks sufficient 
information, make your best educated guess\n3. Return ONLY the 
letter of the correct answer (A, B, C, etc.) in this exact 
format:\n   ANSWER: X\n   (where X is the letter of the correct 
option)\n'}], 'model': 'llama-3.3-70b-versatile', 'max_tokens': 
100, 'temperature': 0.1}}
DEBUG: Sending HTTP Request: POST 
https://api.groq.com/openai/v1/chat/completions
DEBUG: connect_tcp.started host='api.groq.com' port=443 
local_address=None timeout=5.0 socket_options=None
DEBUG: connect_tcp.complete 
return_value=<httpcore._backends.sync.SyncStream object at 
0x0000019E0669A210>
DEBUG: start_tls.started ssl_context=<ssl.SSLContext object at 
0x0000019E06685270> server_hostname='api.groq.com' timeout=5.0
DEBUG: start_tls.complete 
return_value=<httpcore._backends.sync.SyncStream object at 
0x0000019E06568D60>
DEBUG: send_request_headers.started request=<Request [b'POST']>
DEBUG: send_request_headers.complete
DEBUG: send_request_body.started request=<Request [b'POST']>
DEBUG: send_request_body.complete
DEBUG: receive_response_headers.started request=<Request [b'POST']>
DEBUG: receive_response_headers.complete 
return_value=(b'HTTP/1.1', 200, b'OK', [(b'Date', b'Thu, 27 Nov 
2025 17:39:12 GMT'), (b'Content-Type', b'application/json'), 
(b'Transfer-Encoding', b'chunked'), (b'Connection', 
b'keep-alive'), (b'Cache-Control', b'private, max-age=0, no-store, 
no-cache, must-revalidate'), (b'Server', b'cloudflare'), (b'vary', 
b'Origin'), (b'x-groq-region', b'bom'), 
(b'x-ratelimit-limit-requests', b'1000'), 
(b'x-ratelimit-limit-tokens', b'12000'), 
(b'x-ratelimit-remaining-requests', b'964'), 
(b'x-ratelimit-remaining-tokens', b'11371'), 
(b'x-ratelimit-reset-requests', b'51m50.399s'), 
(b'x-ratelimit-reset-tokens', b'3.145s'), (b'x-request-id', 
b'req_01kb36bkt7f2c8mgbjjjzmescf'), (b'via', b'1.1 google'), 
(b'cf-cache-status', b'DYNAMIC'), (b'Content-Encoding', b'gzip'), 
(b'Set-Cookie', b'__cf_bm=imTNstG48YIkaCdHGnmlKnlFqDKBeZgyxiqTXYOPw
GE-1764265152.291571-1.0.1.1-NCU8RnL9EtZEVl4wkIB_fc1i47WIStmDCdfX7x
c72OcsCGzY6GhsPgh.fhX3tk20FkxTk7fwAuoFPO0J_Hlt7Z3LMw9.9zzr55gmIbvFa
Gm9LX1cl.iesw.g1wKJUVix; HttpOnly; Secure; Path=/; 
Domain=groq.com; Expires=Thu, 27 Nov 2025 18:09:12 GMT'), 
(b'CF-RAY', b'9a536751de7df891-SIN'), (b'alt-svc', b'h3=":443"; 
ma=86400')])
INFO: HTTP Request: POST 
https://api.groq.com/openai/v1/chat/completions "HTTP/1.1 200 OK"
DEBUG: receive_response_body.started request=<Request [b'POST']>
DEBUG: receive_response_body.complete
DEBUG: response_closed.started
DEBUG: response_closed.complete
DEBUG: HTTP Response: POST 
https://api.groq.com/openai/v1/chat/completions "200 OK" 
Headers({'date': 'Thu, 27 Nov 2025 17:39:12 GMT', 'content-type': 
'application/json', 'transfer-encoding': 'chunked', 'connection': 
'keep-alive', 'cache-control': 'private, max-age=0, no-store, 
no-cache, must-revalidate', 'server': 'cloudflare', 'vary': 
'Origin', 'x-groq-region': 'bom', 'x-ratelimit-limit-requests': 
'1000', 'x-ratelimit-limit-tokens': '12000', 
'x-ratelimit-remaining-requests': '964', 
'x-ratelimit-remaining-tokens': '11371', 
'x-ratelimit-reset-requests': '51m50.399s', 
'x-ratelimit-reset-tokens': '3.145s', 'x-request-id': 
'req_01kb36bkt7f2c8mgbjjjzmescf', 'via': '1.1 google', 
'cf-cache-status': 'DYNAMIC', 'content-encoding': 'gzip', 
'set-cookie': '__cf_bm=imTNstG48YIkaCdHGnmlKnlFqDKBeZgyxiqTXYOPwGE-
1764265152.291571-1.0.1.1-NCU8RnL9EtZEVl4wkIB_fc1i47WIStmDCdfX7xc72
OcsCGzY6GhsPgh.fhX3tk20FkxTk7fwAuoFPO0J_Hlt7Z3LMw9.9zzr55gmIbvFaGm9
LX1cl.iesw.g1wKJUVix; HttpOnly; Secure; Path=/; Domain=groq.com; 
Expires=Thu, 27 Nov 2025 18:09:12 GMT', 'cf-ray': 
'9a536751de7df891-SIN', 'alt-svc': 'h3=":443"; ma=86400'})
INFO: \U0001f916 Groq identified answer: ANSWER: A
INFO: \u2705 Answer identified: A (index 0)
INFO: \u2705 Extracted: What is the capital of France?... | 
Options: 4 | Correct: 0
WARNING: \u26a0\ufe0f Skipping invalid question: Which number is a 
prime?...
INFO: \u2753 No valid answer for: ACCA stands for?... Using Groq 
to identify...
DEBUG: load_ssl_context verify=True cert=None trust_env=True 
http2=False
DEBUG: load_verify_locations cafile='C:\\Users\\ayanm\\AppData\\Loc
al\\Programs\\Python\\Python313\\Lib\\site-packages\\certifi\\cacer
t.pem'
DEBUG: Request options: {'method': 'post', 'url': 
'/openai/v1/chat/completions', 'files': None, 'idempotency_key': 
'stainless-python-retry-072f159f-d590-4203-a34f-4f9729fe355a', 
'json_data': {'messages': [{'role': 'user', 'content': 'You are an 
expert at answering multiple-choice questions. \nFor the following 
question, select the SINGLE BEST answer from the given 
options.\n\nQuestion: ACCA stands for?\n\nOptions:\nA) Association 
of Chartered Certified Accountants\nB) American Council of 
Commerce Administration\nC) Accounting Committee Corporate 
Authority\nD) Allied Chartered Council of 
Auditors\n\nINSTRUCTIONS:\n1. Analyze the question and all options 
carefully\n2. If the question is unclear or lacks sufficient 
information, make your best educated guess\n3. Return ONLY the 
letter of the correct answer (A, B, C, etc.) in this exact 
format:\n   ANSWER: X\n   (where X is the letter of the correct 
option)\n'}], 'model': 'llama-3.3-70b-versatile', 'max_tokens': 
100, 'temperature': 0.1}}
DEBUG: Sending HTTP Request: POST 
https://api.groq.com/openai/v1/chat/completions
DEBUG: connect_tcp.started host='api.groq.com' port=443 
local_address=None timeout=5.0 socket_options=None
DEBUG: connect_tcp.complete 
return_value=<httpcore._backends.sync.SyncStream object at 
0x0000019E065696E0>
DEBUG: start_tls.started ssl_context=<ssl.SSLContext object at 
0x0000019E06685310> server_hostname='api.groq.com' timeout=5.0
DEBUG: start_tls.complete 
return_value=<httpcore._backends.sync.SyncStream object at 
0x0000019E0664DA30>
DEBUG: send_request_headers.started request=<Request [b'POST']>
DEBUG: send_request_headers.complete
DEBUG: send_request_body.started request=<Request [b'POST']>
DEBUG: send_request_body.complete
DEBUG: receive_response_headers.started request=<Request [b'POST']>
DEBUG: receive_response_headers.complete 
return_value=(b'HTTP/1.1', 200, b'OK', [(b'Date', b'Thu, 27 Nov 
2025 17:39:14 GMT'), (b'Content-Type', b'application/json'), 
(b'Transfer-Encoding', b'chunked'), (b'Connection', 
b'keep-alive'), (b'Cache-Control', b'private, max-age=0, no-store, 
no-cache, must-revalidate'), (b'Server', b'cloudflare'), (b'vary', 
b'Origin'), (b'x-groq-region', b'bom'), 
(b'x-ratelimit-limit-requests', b'1000'), 
(b'x-ratelimit-limit-tokens', b'12000'), 
(b'x-ratelimit-remaining-requests', b'963'), 
(b'x-ratelimit-remaining-tokens', b'11539'), 
(b'x-ratelimit-reset-requests', b'53m16.799s'), 
(b'x-ratelimit-reset-tokens', b'2.305s'), (b'x-request-id', 
b'req_01kb36bnh9ethrz4nk421m4az8'), (b'via', b'1.1 google'), 
(b'cf-cache-status', b'DYNAMIC'), (b'Content-Encoding', b'gzip'), 
(b'Set-Cookie', b'__cf_bm=TqpVEuJDjPjF0yQ4jNeLBAyl680wdlSLVXfVvr5zf
oE-1764265154.052874-1.0.1.1-RWkRiYq1Or8_Y57Ha9Jr89iC6btOmse2Pi8CBd
Zj_n14JiA7GkL4163wmiVS5OCP_6t2tgdKjWJtwLRpOU7lhMa6jG27w8YSMPb.r42Lt
_.9.3WGgLc4PgRwUhKIER1l; HttpOnly; Secure; Path=/; 
Domain=groq.com; Expires=Thu, 27 Nov 2025 18:09:14 GMT'), 
(b'CF-RAY', b'9a53675cdf9d9cbc-SIN'), (b'alt-svc', b'h3=":443"; 
ma=86400')])
INFO: HTTP Request: POST 
https://api.groq.com/openai/v1/chat/completions "HTTP/1.1 200 OK"
DEBUG: receive_response_body.started request=<Request [b'POST']>
DEBUG: receive_response_body.complete
DEBUG: response_closed.started
DEBUG: response_closed.complete
DEBUG: HTTP Response: POST 
https://api.groq.com/openai/v1/chat/completions "200 OK" 
Headers({'date': 'Thu, 27 Nov 2025 17:39:14 GMT', 'content-type': 
'application/json', 'transfer-encoding': 'chunked', 'connection': 
'keep-alive', 'cache-control': 'private, max-age=0, no-store, 
no-cache, must-revalidate', 'server': 'cloudflare', 'vary': 
'Origin', 'x-groq-region': 'bom', 'x-ratelimit-limit-requests': 
'1000', 'x-ratelimit-limit-tokens': '12000', 
'x-ratelimit-remaining-requests': '963', 
'x-ratelimit-remaining-tokens': '11539', 
'x-ratelimit-reset-requests': '53m16.799s', 
'x-ratelimit-reset-tokens': '2.305s', 'x-request-id': 
'req_01kb36bnh9ethrz4nk421m4az8', 'via': '1.1 google', 
'cf-cache-status': 'DYNAMIC', 'content-encoding': 'gzip', 
'set-cookie': '__cf_bm=TqpVEuJDjPjF0yQ4jNeLBAyl680wdlSLVXfVvr5zfoE-
1764265154.052874-1.0.1.1-RWkRiYq1Or8_Y57Ha9Jr89iC6btOmse2Pi8CBdZj_
n14JiA7GkL4163wmiVS5OCP_6t2tgdKjWJtwLRpOU7lhMa6jG27w8YSMPb.r42Lt_.9
.3WGgLc4PgRwUhKIER1l; HttpOnly; Secure; Path=/; Domain=groq.com; 
Expires=Thu, 27 Nov 2025 18:09:14 GMT', 'cf-ray': 
'9a53675cdf9d9cbc-SIN', 'alt-svc': 'h3=":443"; ma=86400'})
INFO: \U0001f916 Groq identified answer: ANSWER: A
INFO: \u2705 Answer identified: A (index 0)
INFO: \u2705 Extracted: ACCA stands for?... | Options: 4 | 
Correct: 0
INFO: \u2705 Successfully extracted 2 questions from chunk 1
DEBUG: Request options: {'method': 'post', 'url': 
'/openai/v1/chat/completions', 'files': None, 'idempotency_key': 
'stainless-python-retry-75b7ab8b-ded3-44b2-a130-4569be593723', 
'json_data': {'messages': [{'role': 'user', 'content': 'You are an 
expert MCQ extraction system. Your ONLY job is to extract ALL 
multiple-choice questions from the provided text and return them 
as valid JSON.\n\nCRITICAL RULES (MUST FOLLOW):\n1. Extract EVERY 
single question you find - be thorough and comprehensive\n2. 
Questions may be formatted in ANY way - adapt to all formats\n3. 
ALWAYS return ONLY a valid JSON array - NOTHING ELSE, NO 
MARKDOWN\n4. Each question MUST have these exact fields: question, 
options, correct_option, explanation\n\nRESPONSE FORMAT (MUST BE 
VALID JSON - NO MARKDOWN):\n[\n  {\n    "question": "Question text 
without numbers or prefixes",\n    "options": ["Option 1", "Option 
2", "Option 3"],\n    "correct_option": 0,\n    "explanation": 
"Why this answer is correct"\n  },\n  {\n    "question": "Another 
question",\n    "options": ["Option A", "Option B", "Option C", 
"Option D"],\n    "correct_option": 2,\n    "explanation": 
"Explanation for this answer"\n  }\n]\n\nEXTRACTION RULES:\n1. 
Remove ALL question prefixes: Q1, 1., Question 1, etc.\n2. Remove 
ALL option markers: A), B), ò, 1), -, etc.\n3. Combine multi-line 
options into single lines\n4. Trim ALL whitespace\n5. Keep 2-6 
options per question (remove if more than 6)\n6. correct_option 
MUST be 0-based index (0=first, 1=second, etc.)\n\nFINDING CORRECT 
ANSWERS (PRIORITY ORDER):\n1. Look for explicit markers: "Answer: 
A", "Correct: B", "Key: C", "*", "\u2713"\n2. If found, convert 
letter to 0-based index (A=0, B=1, C=2, D=3, etc.)\n3. If NOT 
found, use your expert knowledge to determine the best answer\n4. 
If completely uncertain, default to 0\n\nEXAMPLES (FOLLOW 
EXACTLY):\nInput: "1. What is 2+2?\nA) 3\nB) 4\nC) 5\nAnswer: 
B"\nOutput: {"question": "What is 2+2?", "options": ["3", "4", 
"5"], "correct_option": 1, "explanation": "2+2 equals 
4"}\n\nInput: "Q1: Capital of France?\nò Paris\nò London\nò 
Berlin"\nOutput: {"question": "Capital of France?", "options": 
["Paris", "London", "Berlin"], "correct_option": 0, "explanation": 
"Paris is the capital of France"}\n\nInput: "Which planet is 
largest?\nA) Earth\nB) Jupiter\nC) Saturn\nD) Mars"\nOutput: 
{"question": "Which planet is largest?", "options": ["Earth", 
"Jupiter", "Saturn", "Mars"], "correct_option": 1, "explanation": 
"Jupiter is the largest planet"}\n\nTEXT TO EXTRACT FROM:\n1. What 
is the capital of France?\nA) Paris\nB) London\nC) Berlin\nD) 
Rome\n2. Which number is a prime?\nA) 21\nB) 29\nC) 39\nD) 51\n3. 
ACCA stands for?\nA) Association of Chartered Certified 
Accountants\nB) American Council of Commerce Administration\nC) 
Accounting Committee Corporate Authority\nD) Allied Chartered 
Council of Auditors\n\nFINAL INSTRUCTION: Return ONLY valid JSON 
array. No markdown, no code blocks, no explanations. If you cannot 
extract any questions, return an empty array: []'}], 'model': 
'llama-3.3-70b-versatile', 'max_tokens': 4096, 'temperature': 0.3}}
DEBUG: Sending HTTP Request: POST 
https://api.groq.com/openai/v1/chat/completions
DEBUG: send_request_headers.started request=<Request [b'POST']>
DEBUG: send_request_headers.complete
DEBUG: send_request_body.started request=<Request [b'POST']>
DEBUG: send_request_body.complete
DEBUG: receive_response_headers.started request=<Request [b'POST']>
DEBUG: receive_response_headers.complete 
return_value=(b'HTTP/1.1', 200, b'OK', [(b'Date', b'Thu, 27 Nov 
2025 17:39:14 GMT'), (b'Content-Type', b'application/json'), 
(b'Transfer-Encoding', b'chunked'), (b'Connection', 
b'keep-alive'), (b'Cache-Control', b'private, max-age=0, no-store, 
no-cache, must-revalidate'), (b'Server', b'cloudflare'), (b'vary', 
b'Origin'), (b'x-groq-region', b'bom'), 
(b'x-ratelimit-limit-requests', b'1000'), 
(b'x-ratelimit-limit-tokens', b'12000'), 
(b'x-ratelimit-remaining-requests', b'962'), 
(b'x-ratelimit-remaining-tokens', b'10813'), 
(b'x-ratelimit-reset-requests', b'54m43.2s'), 
(b'x-ratelimit-reset-tokens', b'5.935s'), (b'x-request-id', 
b'req_01kb36bnyzethrxqy5fn16pzfs'), (b'via', b'1.1 google'), 
(b'cf-cache-status', b'DYNAMIC'), (b'Content-Encoding', b'gzip'), 
(b'Set-Cookie', b'__cf_bm=DiKImF6V8VmkFvI.qrWetdRKCh3LYSm5mk_ANpCJt
kk-1764265154.4933596-1.0.1.1-fOSGFFNR1yorzlJC3L.dVnhHzG3yIAudT5pnA
5V2UqJFy9duOmr5u7QKKA2fKy8ApToavQKyT5hnAPFhgwako.Tiv2U1nkhHmPOTXr.J
zqNu362HtVPGmxDc53QQMVcm; HttpOnly; Secure; Path=/; 
Domain=groq.com; Expires=Thu, 27 Nov 2025 18:09:14 GMT'), 
(b'CF-RAY', b'9a53675f9972d18a-SIN'), (b'alt-svc', b'h3=":443"; 
ma=86400')])
INFO: HTTP Request: POST 
https://api.groq.com/openai/v1/chat/completions "HTTP/1.1 200 OK"
DEBUG: receive_response_body.started request=<Request [b'POST']>
DEBUG: receive_response_body.complete
DEBUG: response_closed.started
DEBUG: response_closed.complete
DEBUG: HTTP Response: POST 
https://api.groq.com/openai/v1/chat/completions "200 OK" 
Headers({'date': 'Thu, 27 Nov 2025 17:39:14 GMT', 'content-type': 
'application/json', 'transfer-encoding': 'chunked', 'connection': 
'keep-alive', 'cache-control': 'private, max-age=0, no-store, 
no-cache, must-revalidate', 'server': 'cloudflare', 'vary': 
'Origin', 'x-groq-region': 'bom', 'x-ratelimit-limit-requests': 
'1000', 'x-ratelimit-limit-tokens': '12000', 
'x-ratelimit-remaining-requests': '962', 
'x-ratelimit-remaining-tokens': '10813', 
'x-ratelimit-reset-requests': '54m43.2s', 
'x-ratelimit-reset-tokens': '5.935s', 'x-request-id': 
'req_01kb36bnyzethrxqy5fn16pzfs', 'via': '1.1 google', 
'cf-cache-status': 'DYNAMIC', 'content-encoding': 'gzip', 
'set-cookie': '__cf_bm=DiKImF6V8VmkFvI.qrWetdRKCh3LYSm5mk_ANpCJtkk-
1764265154.4933596-1.0.1.1-fOSGFFNR1yorzlJC3L.dVnhHzG3yIAudT5pnA5V2
UqJFy9duOmr5u7QKKA2fKy8ApToavQKyT5hnAPFhgwako.Tiv2U1nkhHmPOTXr.JzqN
u362HtVPGmxDc53QQMVcm; HttpOnly; Secure; Path=/; Domain=groq.com; 
Expires=Thu, 27 Nov 2025 18:09:14 GMT', 'cf-ray': 
'9a53675f9972d18a-SIN', 'alt-svc': 'h3=":443"; ma=86400'})
INFO: \U0001f4e5 Groq response length: 705 chars
INFO: \u2753 No valid answer for: What is the capital of 
France?... Using Groq to identify...
DEBUG: load_ssl_context verify=True cert=None trust_env=True 
http2=False
DEBUG: load_verify_locations cafile='C:\\Users\\ayanm\\AppData\\Loc
al\\Programs\\Python\\Python313\\Lib\\site-packages\\certifi\\cacer
t.pem'
DEBUG: Request options: {'method': 'post', 'url': 
'/openai/v1/chat/completions', 'files': None, 'idempotency_key': 
'stainless-python-retry-31c8f91f-4c4c-4abf-953a-964240375e24', 
'json_data': {'messages': [{'role': 'user', 'content': 'You are an 
expert at answering multiple-choice questions. \nFor the following 
question, select the SINGLE BEST answer from the given 
options.\n\nQuestion: What is the capital of 
France?\n\nOptions:\nA) Paris\nB) London\nC) Berlin\nD) 
Rome\n\nINSTRUCTIONS:\n1. Analyze the question and all options 
carefully\n2. If the question is unclear or lacks sufficient 
information, make your best educated guess\n3. Return ONLY the 
letter of the correct answer (A, B, C, etc.) in this exact 
format:\n   ANSWER: X\n   (where X is the letter of the correct 
option)\n'}], 'model': 'llama-3.3-70b-versatile', 'max_tokens': 
100, 'temperature': 0.1}}
DEBUG: Sending HTTP Request: POST 
https://api.groq.com/openai/v1/chat/completions
DEBUG: connect_tcp.started host='api.groq.com' port=443 
local_address=None timeout=5.0 socket_options=None
DEBUG: connect_tcp.complete 
return_value=<httpcore._backends.sync.SyncStream object at 
0x0000019E0656E7A0>
DEBUG: start_tls.started ssl_context=<ssl.SSLContext object at 
0x0000019E06685590> server_hostname='api.groq.com' timeout=5.0
DEBUG: start_tls.complete 
return_value=<httpcore._backends.sync.SyncStream object at 
0x0000019E0656EAD0>
DEBUG: send_request_headers.started request=<Request [b'POST']>
DEBUG: send_request_headers.complete
DEBUG: send_request_body.started request=<Request [b'POST']>
DEBUG: send_request_body.complete
DEBUG: receive_response_headers.started request=<Request [b'POST']>
DEBUG: receive_response_headers.complete 
return_value=(b'HTTP/1.1', 200, b'OK', [(b'Date', b'Thu, 27 Nov 
2025 17:39:16 GMT'), (b'Content-Type', b'application/json'), 
(b'Transfer-Encoding', b'chunked'), (b'Connection', 
b'keep-alive'), (b'Cache-Control', b'private, max-age=0, no-store, 
no-cache, must-revalidate'), (b'Server', b'cloudflare'), (b'vary', 
b'Origin'), (b'x-groq-region', b'bom'), 
(b'x-ratelimit-limit-requests', b'1000'), 
(b'x-ratelimit-limit-tokens', b'12000'), 
(b'x-ratelimit-remaining-requests', b'961'), 
(b'x-ratelimit-remaining-tokens', b'10863'), 
(b'x-ratelimit-reset-requests', b'56m9.6s'), 
(b'x-ratelimit-reset-tokens', b'5.685s'), (b'x-request-id', 
b'req_01kb36bqx5etkvgpcwxbf54nk6'), (b'via', b'1.1 google'), 
(b'cf-cache-status', b'DYNAMIC'), (b'Content-Encoding', b'gzip'), 
(b'Set-Cookie', b'__cf_bm=bcZZXRGOF4fswwSmt.CY8B3X3RdhvHvYUk2XnTr_J
tM-1764265156.468951-1.0.1.1-i7vwBcy2f05ixvK_bgrOV0UXiejDXACjVcnptR
CDxfD8VaG3akD6sg5aO8HfFWctD2Ne1UTFM0ol4E3VWaLitfspRXCDwtEI5uFFC4c8J
GtXGdB72.6sOImcByVNfYXD; HttpOnly; Secure; Path=/; 
Domain=groq.com; Expires=Thu, 27 Nov 2025 18:09:16 GMT'), 
(b'CF-RAY', b'9a53676be97344a2-SIN'), (b'alt-svc', b'h3=":443"; 
ma=86400')])
INFO: HTTP Request: POST 
https://api.groq.com/openai/v1/chat/completions "HTTP/1.1 200 OK"
DEBUG: receive_response_body.started request=<Request [b'POST']>
DEBUG: receive_response_body.complete
DEBUG: response_closed.started
DEBUG: response_closed.complete
DEBUG: HTTP Response: POST 
https://api.groq.com/openai/v1/chat/completions "200 OK" 
Headers({'date': 'Thu, 27 Nov 2025 17:39:16 GMT', 'content-type': 
'application/json', 'transfer-encoding': 'chunked', 'connection': 
'keep-alive', 'cache-control': 'private, max-age=0, no-store, 
no-cache, must-revalidate', 'server': 'cloudflare', 'vary': 
'Origin', 'x-groq-region': 'bom', 'x-ratelimit-limit-requests': 
'1000', 'x-ratelimit-limit-tokens': '12000', 
'x-ratelimit-remaining-requests': '961', 
'x-ratelimit-remaining-tokens': '10863', 
'x-ratelimit-reset-requests': '56m9.6s', 
'x-ratelimit-reset-tokens': '5.685s', 'x-request-id': 
'req_01kb36bqx5etkvgpcwxbf54nk6', 'via': '1.1 google', 
'cf-cache-status': 'DYNAMIC', 'content-encoding': 'gzip', 
'set-cookie': '__cf_bm=bcZZXRGOF4fswwSmt.CY8B3X3RdhvHvYUk2XnTr_JtM-
1764265156.468951-1.0.1.1-i7vwBcy2f05ixvK_bgrOV0UXiejDXACjVcnptRCDx
fD8VaG3akD6sg5aO8HfFWctD2Ne1UTFM0ol4E3VWaLitfspRXCDwtEI5uFFC4c8JGtX
GdB72.6sOImcByVNfYXD; HttpOnly; Secure; Path=/; Domain=groq.com; 
Expires=Thu, 27 Nov 2025 18:09:16 GMT', 'cf-ray': 
'9a53676be97344a2-SIN', 'alt-svc': 'h3=":443"; ma=86400'})
INFO: \U0001f916 Groq identified answer: ANSWER: A
INFO: \u2705 Answer identified: A (index 0)
INFO: \u2705 Extracted: What is the capital of France?... | 
Options: 4 | Correct: 0
WARNING: \u26a0\ufe0f Skipping invalid question: Which number is a 
prime?...
INFO: \u2753 No valid answer for: ACCA stands for?... Using Groq 
to identify...
DEBUG: load_ssl_context verify=True cert=None trust_env=True 
http2=False
DEBUG: load_verify_locations cafile='C:\\Users\\ayanm\\AppData\\Loc
al\\Programs\\Python\\Python313\\Lib\\site-packages\\certifi\\cacer
t.pem'
DEBUG: Request options: {'method': 'post', 'url': 
'/openai/v1/chat/completions', 'files': None, 'idempotency_key': 
'stainless-python-retry-70490e29-154f-4c9d-8af8-3a28e91507f2', 
'json_data': {'messages': [{'role': 'user', 'content': 'You are an 
expert at answering multiple-choice questions. \nFor the following 
question, select the SINGLE BEST answer from the given 
options.\n\nQuestion: ACCA stands for?\n\nOptions:\nA) Association 
of Chartered Certified Accountants\nB) American Council of 
Commerce Administration\nC) Accounting Committee Corporate 
Authority\nD) Allied Chartered Council of 
Auditors\n\nINSTRUCTIONS:\n1. Analyze the question and all options 
carefully\n2. If the question is unclear or lacks sufficient 
information, make your best educated guess\n3. Return ONLY the 
letter of the correct answer (A, B, C, etc.) in this exact 
format:\n   ANSWER: X\n   (where X is the letter of the correct 
option)\n'}], 'model': 'llama-3.3-70b-versatile', 'max_tokens': 
100, 'temperature': 0.1}}
DEBUG: Sending HTTP Request: POST 
https://api.groq.com/openai/v1/chat/completions
DEBUG: connect_tcp.started host='api.groq.com' port=443 
local_address=None timeout=5.0 socket_options=None
DEBUG: connect_tcp.complete 
return_value=<httpcore._backends.sync.SyncStream object at 
0x0000019E06665050>
DEBUG: start_tls.started ssl_context=<ssl.SSLContext object at 
0x0000019E066851D0> server_hostname='api.groq.com' timeout=5.0
DEBUG: start_tls.complete 
return_value=<httpcore._backends.sync.SyncStream object at 
0x0000019E06665250>
DEBUG: send_request_headers.started request=<Request [b'POST']>
DEBUG: send_request_headers.complete
DEBUG: send_request_body.started request=<Request [b'POST']>
DEBUG: send_request_body.complete
DEBUG: receive_response_headers.started request=<Request [b'POST']>
DEBUG: receive_response_headers.complete 
return_value=(b'HTTP/1.1', 200, b'OK', [(b'Date', b'Thu, 27 Nov 
2025 17:39:18 GMT'), (b'Content-Type', b'application/json'), 
(b'Transfer-Encoding', b'chunked'), (b'Connection', 
b'keep-alive'), (b'Cache-Control', b'private, max-age=0, no-store, 
no-cache, must-revalidate'), (b'Server', b'cloudflare'), (b'vary', 
b'Origin'), (b'x-groq-region', b'bom'), 
(b'x-ratelimit-limit-requests', b'1000'), 
(b'x-ratelimit-limit-tokens', b'12000'), 
(b'x-ratelimit-remaining-requests', b'960'), 
(b'x-ratelimit-remaining-tokens', b'11140'), 
(b'x-ratelimit-reset-requests', b'57m36s'), 
(b'x-ratelimit-reset-tokens', b'4.3s'), (b'x-request-id', 
b'req_01kb36bt59etmvxvhca8s7z0gy'), (b'via', b'1.1 google'), 
(b'cf-cache-status', b'DYNAMIC'), (b'Content-Encoding', b'gzip'), 
(b'Set-Cookie', b'__cf_bm=pkg94Pa8D.ixyP2yH0NGrh7i3T8m8jTWzioIbGk5T
wg-1764265158.786855-1.0.1.1-30tP32pvD.siAnCr3KsaoJ2qAjAzXz7jb4SRu0
wB2Ewd.JsByTFOjM1d2xrzmGHCFejf8LbfditVW02ZYnt3sAl3WZNJO3lC6UBOF2Tym
IMCEihmHBQ9UX6ZC3MVx0tI; HttpOnly; Secure; Path=/; 
Domain=groq.com; Expires=Thu, 27 Nov 2025 18:09:18 GMT'), 
(b'CF-RAY', b'9a53677a6adcfe0d-SIN'), (b'alt-svc', b'h3=":443"; 
ma=86400')])
INFO: HTTP Request: POST 
https://api.groq.com/openai/v1/chat/completions "HTTP/1.1 200 OK"
DEBUG: receive_response_body.started request=<Request [b'POST']>
DEBUG: receive_response_body.complete
DEBUG: response_closed.started
DEBUG: response_closed.complete
DEBUG: HTTP Response: POST 
https://api.groq.com/openai/v1/chat/completions "200 OK" 
Headers({'date': 'Thu, 27 Nov 2025 17:39:18 GMT', 'content-type': 
'application/json', 'transfer-encoding': 'chunked', 'connection': 
'keep-alive', 'cache-control': 'private, max-age=0, no-store, 
no-cache, must-revalidate', 'server': 'cloudflare', 'vary': 
'Origin', 'x-groq-region': 'bom', 'x-ratelimit-limit-requests': 
'1000', 'x-ratelimit-limit-tokens': '12000', 
'x-ratelimit-remaining-requests': '960', 
'x-ratelimit-remaining-tokens': '11140', 
'x-ratelimit-reset-requests': '57m36s', 
'x-ratelimit-reset-tokens': '4.3s', 'x-request-id': 
'req_01kb36bt59etmvxvhca8s7z0gy', 'via': '1.1 google', 
'cf-cache-status': 'DYNAMIC', 'content-encoding': 'gzip', 
'set-cookie': '__cf_bm=pkg94Pa8D.ixyP2yH0NGrh7i3T8m8jTWzioIbGk5Twg-
1764265158.786855-1.0.1.1-30tP32pvD.siAnCr3KsaoJ2qAjAzXz7jb4SRu0wB2
Ewd.JsByTFOjM1d2xrzmGHCFejf8LbfditVW02ZYnt3sAl3WZNJO3lC6UBOF2TymIMC
EihmHBQ9UX6ZC3MVx0tI; HttpOnly; Secure; Path=/; Domain=groq.com; 
Expires=Thu, 27 Nov 2025 18:09:18 GMT', 'cf-ray': 
'9a53677a6adcfe0d-SIN', 'alt-svc': 'h3=":443"; ma=86400'})
INFO: \U0001f916 Groq identified answer: ANSWER: A
INFO: \u2705 Answer identified: A (index 0)
INFO: \u2705 Extracted: ACCA stands for?... | Options: 4 | 
Correct: 0
INFO: \u2705 Successfully extracted 2 questions from chunk 1
DEBUG: Request options: {'method': 'post', 'url': 
'/openai/v1/chat/completions', 'files': None, 'idempotency_key': 
'stainless-python-retry-f504003f-ac36-408d-887d-c76a111b7512', 
'json_data': {'messages': [{'role': 'user', 'content': 'You are an 
expert MCQ extraction system. Your ONLY job is to extract ALL 
multiple-choice questions from the provided text and return them 
as valid JSON.\n\nCRITICAL RULES (MUST FOLLOW):\n1. Extract EVERY 
single question you find - be thorough and comprehensive\n2. 
Questions may be formatted in ANY way - adapt to all formats\n3. 
ALWAYS return ONLY a valid JSON array - NOTHING ELSE, NO 
MARKDOWN\n4. Each question MUST have these exact fields: question, 
options, correct_option, explanation\n\nRESPONSE FORMAT (MUST BE 
VALID JSON - NO MARKDOWN):\n[\n  {\n    "question": "Question text 
without numbers or prefixes",\n    "options": ["Option 1", "Option 
2", "Option 3"],\n    "correct_option": 0,\n    "explanation": 
"Why this answer is correct"\n  },\n  {\n    "question": "Another 
question",\n    "options": ["Option A", "Option B", "Option C", 
"Option D"],\n    "correct_option": 2,\n    "explanation": 
"Explanation for this answer"\n  }\n]\n\nEXTRACTION RULES:\n1. 
Remove ALL question prefixes: Q1, 1., Question 1, etc.\n2. Remove 
ALL option markers: A), B), ò, 1), -, etc.\n3. Combine multi-line 
options into single lines\n4. Trim ALL whitespace\n5. Keep 2-6 
options per question (remove if more than 6)\n6. correct_option 
MUST be 0-based index (0=first, 1=second, etc.)\n\nFINDING CORRECT 
ANSWERS (PRIORITY ORDER):\n1. Look for explicit markers: "Answer: 
A", "Correct: B", "Key: C", "*", "\u2713"\n2. If found, convert 
letter to 0-based index (A=0, B=1, C=2, D=3, etc.)\n3. If NOT 
found, use your expert knowledge to determine the best answer\n4. 
If completely uncertain, default to 0\n\nEXAMPLES (FOLLOW 
EXACTLY):\nInput: "1. What is 2+2?\nA) 3\nB) 4\nC) 5\nAnswer: 
B"\nOutput: {"question": "What is 2+2?", "options": ["3", "4", 
"5"], "correct_option": 1, "explanation": "2+2 equals 
4"}\n\nInput: "Q1: Capital of France?\nò Paris\nò London\nò 
Berlin"\nOutput: {"question": "Capital of France?", "options": 
["Paris", "London", "Berlin"], "correct_option": 0, "explanation": 
"Paris is the capital of France"}\n\nInput: "Which planet is 
largest?\nA) Earth\nB) Jupiter\nC) Saturn\nD) Mars"\nOutput: 
{"question": "Which planet is largest?", "options": ["Earth", 
"Jupiter", "Saturn", "Mars"], "correct_option": 1, "explanation": 
"Jupiter is the largest planet"}\n\nTEXT TO EXTRACT FROM:\n1. What 
is the capital of France?\nA) Paris\nB) London\nC) Berlin\nD) 
Rome\n2. Which number is a prime?\nA) 21\nB) 29\nC) 39\nD) 51\n3. 
ACCA stands for?\nA) Association of Chartered Certified 
Accountants\nB) American Council of Commerce Administration\nC) 
Accounting Committee Corporate Authority\nD) Allied Chartered 
Council of Auditors\n\nFINAL INSTRUCTION: Return ONLY valid JSON 
array. No markdown, no code blocks, no explanations. If you cannot 
extract any questions, return an empty array: []'}], 'model': 
'llama-3.3-70b-versatile', 'max_tokens': 4096, 'temperature': 0.3}}
DEBUG: Sending HTTP Request: POST 
https://api.groq.com/openai/v1/chat/completions
DEBUG: send_request_headers.started request=<Request [b'POST']>
DEBUG: send_request_headers.complete
DEBUG: send_request_body.started request=<Request [b'POST']>
DEBUG: send_request_body.complete
DEBUG: receive_response_headers.started request=<Request [b'POST']>
DEBUG: receive_response_headers.complete 
return_value=(b'HTTP/1.1', 200, b'OK', [(b'Date', b'Thu, 27 Nov 
2025 17:39:19 GMT'), (b'Content-Type', b'application/json'), 
(b'Transfer-Encoding', b'chunked'), (b'Connection', 
b'keep-alive'), (b'Cache-Control', b'private, max-age=0, no-store, 
no-cache, must-revalidate'), (b'Server', b'cloudflare'), (b'vary', 
b'Origin'), (b'x-groq-region', b'bom'), 
(b'x-ratelimit-limit-requests', b'1000'), 
(b'x-ratelimit-limit-tokens', b'12000'), 
(b'x-ratelimit-remaining-requests', b'959'), 
(b'x-ratelimit-remaining-tokens', b'10393'), 
(b'x-ratelimit-reset-requests', b'59m2.4s'), 
(b'x-ratelimit-reset-tokens', b'8.035s'), (b'x-request-id', 
b'req_01kb36btfvetmtjfehx06d2k3b'), (b'via', b'1.1 google'), 
(b'cf-cache-status', b'DYNAMIC'), (b'Content-Encoding', b'gzip'), 
(b'Set-Cookie', b'__cf_bm=42TxuFiecXOtITxcSagY3axIV0nxUaTQ76i1F1EnC
Iw-1764265159.127393-1.0.1.1-k4eTPdG.LY81CKN3Isb9mfTJzeAk7YQp6ykauV
E7kh7wO8DdtJwxOp1yQTC1BNPsgppAcxZf4p6aZKqxf1LjC4.hke6qP4wVjn3vrJzdw
wAElV0I8wwcy.fiULDoEkwa; HttpOnly; Secure; Path=/; 
Domain=groq.com; Expires=Thu, 27 Nov 2025 18:09:19 GMT'), 
(b'CF-RAY', b'9a53677c8be5d18a-SIN'), (b'alt-svc', b'h3=":443"; 
ma=86400')])
INFO: HTTP Request: POST 
https://api.groq.com/openai/v1/chat/completions "HTTP/1.1 200 OK"
DEBUG: receive_response_body.started request=<Request [b'POST']>
DEBUG: receive_response_body.complete
DEBUG: response_closed.started
DEBUG: response_closed.complete
DEBUG: HTTP Response: POST 
https://api.groq.com/openai/v1/chat/completions "200 OK" 
Headers({'date': 'Thu, 27 Nov 2025 17:39:19 GMT', 'content-type': 
'application/json', 'transfer-encoding': 'chunked', 'connection': 
'keep-alive', 'cache-control': 'private, max-age=0, no-store, 
no-cache, must-revalidate', 'server': 'cloudflare', 'vary': 
'Origin', 'x-groq-region': 'bom', 'x-ratelimit-limit-requests': 
'1000', 'x-ratelimit-limit-tokens': '12000', 
'x-ratelimit-remaining-requests': '959', 
'x-ratelimit-remaining-tokens': '10393', 
'x-ratelimit-reset-requests': '59m2.4s', 
'x-ratelimit-reset-tokens': '8.035s', 'x-request-id': 
'req_01kb36btfvetmtjfehx06d2k3b', 'via': '1.1 google', 
'cf-cache-status': 'DYNAMIC', 'content-encoding': 'gzip', 
'set-cookie': '__cf_bm=42TxuFiecXOtITxcSagY3axIV0nxUaTQ76i1F1EnCIw-
1764265159.127393-1.0.1.1-k4eTPdG.LY81CKN3Isb9mfTJzeAk7YQp6ykauVE7k
h7wO8DdtJwxOp1yQTC1BNPsgppAcxZf4p6aZKqxf1LjC4.hke6qP4wVjn3vrJzdwwAE
lV0I8wwcy.fiULDoEkwa; HttpOnly; Secure; Path=/; Domain=groq.com; 
Expires=Thu, 27 Nov 2025 18:09:19 GMT', 'cf-ray': 
'9a53677c8be5d18a-SIN', 'alt-svc': 'h3=":443"; ma=86400'})
INFO: \U0001f4e5 Groq response length: 705 chars
INFO: \u2753 No valid answer for: What is the capital of 
France?... Using Groq to identify...
DEBUG: load_ssl_context verify=True cert=None trust_env=True 
http2=False
DEBUG: load_verify_locations cafile='C:\\Users\\ayanm\\AppData\\Loc
al\\Programs\\Python\\Python313\\Lib\\site-packages\\certifi\\cacer
t.pem'
DEBUG: Request options: {'method': 'post', 'url': 
'/openai/v1/chat/completions', 'files': None, 'idempotency_key': 
'stainless-python-retry-48f57ff3-3821-4ee5-89be-95fecb9f28bd', 
'json_data': {'messages': [{'role': 'user', 'content': 'You are an 
expert at answering multiple-choice questions. \nFor the following 
question, select the SINGLE BEST answer from the given 
options.\n\nQuestion: What is the capital of 
France?\n\nOptions:\nA) Paris\nB) London\nC) Berlin\nD) 
Rome\n\nINSTRUCTIONS:\n1. Analyze the question and all options 
carefully\n2. If the question is unclear or lacks sufficient 
information, make your best educated guess\n3. Return ONLY the 
letter of the correct answer (A, B, C, etc.) in this exact 
format:\n   ANSWER: X\n   (where X is the letter of the correct 
option)\n'}], 'model': 'llama-3.3-70b-versatile', 'max_tokens': 
100, 'temperature': 0.1}}
DEBUG: Sending HTTP Request: POST 
https://api.groq.com/openai/v1/chat/completions
DEBUG: connect_tcp.started host='api.groq.com' port=443 
local_address=None timeout=5.0 socket_options=None
DEBUG: connect_tcp.complete 
return_value=<httpcore._backends.sync.SyncStream object at 
0x0000019E066C0D70>
DEBUG: start_tls.started ssl_context=<ssl.SSLContext object at 
0x0000019E066856D0> server_hostname='api.groq.com' timeout=5.0
DEBUG: start_tls.complete 
return_value=<httpcore._backends.sync.SyncStream object at 
0x0000019E066C0E60>
DEBUG: send_request_headers.started request=<Request [b'POST']>
DEBUG: send_request_headers.complete
DEBUG: send_request_body.started request=<Request [b'POST']>
DEBUG: send_request_body.complete
DEBUG: receive_response_headers.started request=<Request [b'POST']>
DEBUG: receive_response_headers.complete 
return_value=(b'HTTP/1.1', 200, b'OK', [(b'Date', b'Thu, 27 Nov 
2025 17:39:21 GMT'), (b'Content-Type', b'application/json'), 
(b'Transfer-Encoding', b'chunked'), (b'Connection', 
b'keep-alive'), (b'Cache-Control', b'private, max-age=0, no-store, 
no-cache, must-revalidate'), (b'Server', b'cloudflare'), (b'vary', 
b'Origin'), (b'x-groq-region', b'bom'), 
(b'x-ratelimit-limit-requests', b'1000'), 
(b'x-ratelimit-limit-tokens', b'12000'), 
(b'x-ratelimit-remaining-requests', b'958'), 
(b'x-ratelimit-remaining-tokens', b'10400'), 
(b'x-ratelimit-reset-requests', b'1h0m28.8s'), 
(b'x-ratelimit-reset-tokens', b'8s'), (b'x-request-id', 
b'req_01kb36bw77etntk57bdpnhne2s'), (b'via', b'1.1 google'), 
(b'cf-cache-status', b'DYNAMIC'), (b'Content-Encoding', b'gzip'), 
(b'Set-Cookie', b'__cf_bm=7FPsuDBw5Ba5QsmkqvUMskISGS3aIe_9FRYowV5w0
HU-1764265160.8897138-1.0.1.1-TBqOdLpjZBBPBbXtftPtwZaiMgSbSnFu3vC7K
5oUWurg3Ll..spmX_nVfj5FLy7nR4zwfhSLzFT2Xuxj7wyDLBcke2G8ZbNTJIhV_4oG
5bxknVpVoW3u.W5v_5F5wFTT; HttpOnly; Secure; Path=/; 
Domain=groq.com; Expires=Thu, 27 Nov 2025 18:09:21 GMT'), 
(b'CF-RAY', b'9a5367878d3244ae-SIN'), (b'alt-svc', b'h3=":443"; 
ma=86400')])
INFO: HTTP Request: POST 
https://api.groq.com/openai/v1/chat/completions "HTTP/1.1 200 OK"
DEBUG: receive_response_body.started request=<Request [b'POST']>
DEBUG: receive_response_body.complete
DEBUG: response_closed.started
DEBUG: response_closed.complete
DEBUG: HTTP Response: POST 
https://api.groq.com/openai/v1/chat/completions "200 OK" 
Headers({'date': 'Thu, 27 Nov 2025 17:39:21 GMT', 'content-type': 
'application/json', 'transfer-encoding': 'chunked', 'connection': 
'keep-alive', 'cache-control': 'private, max-age=0, no-store, 
no-cache, must-revalidate', 'server': 'cloudflare', 'vary': 
'Origin', 'x-groq-region': 'bom', 'x-ratelimit-limit-requests': 
'1000', 'x-ratelimit-limit-tokens': '12000', 
'x-ratelimit-remaining-requests': '958', 
'x-ratelimit-remaining-tokens': '10400', 
'x-ratelimit-reset-requests': '1h0m28.8s', 
'x-ratelimit-reset-tokens': '8s', 'x-request-id': 
'req_01kb36bw77etntk57bdpnhne2s', 'via': '1.1 google', 
'cf-cache-status': 'DYNAMIC', 'content-encoding': 'gzip', 
'set-cookie': '__cf_bm=7FPsuDBw5Ba5QsmkqvUMskISGS3aIe_9FRYowV5w0HU-
1764265160.8897138-1.0.1.1-TBqOdLpjZBBPBbXtftPtwZaiMgSbSnFu3vC7K5oU
Wurg3Ll..spmX_nVfj5FLy7nR4zwfhSLzFT2Xuxj7wyDLBcke2G8ZbNTJIhV_4oG5bx
knVpVoW3u.W5v_5F5wFTT; HttpOnly; Secure; Path=/; Domain=groq.com; 
Expires=Thu, 27 Nov 2025 18:09:21 GMT', 'cf-ray': 
'9a5367878d3244ae-SIN', 'alt-svc': 'h3=":443"; ma=86400'})
INFO: \U0001f916 Groq identified answer: ANSWER: A
INFO: \u2705 Answer identified: A (index 0)
INFO: \u2705 Extracted: What is the capital of France?... | 
Options: 4 | Correct: 0
WARNING: \u26a0\ufe0f Skipping invalid question: Which number is a 
prime?...
INFO: \u2753 No valid answer for: ACCA stands for?... Using Groq 
to identify...
DEBUG: load_ssl_context verify=True cert=None trust_env=True 
http2=False
DEBUG: load_verify_locations cafile='C:\\Users\\ayanm\\AppData\\Loc
al\\Programs\\Python\\Python313\\Lib\\site-packages\\certifi\\cacer
t.pem'
DEBUG: Request options: {'method': 'post', 'url': 
'/openai/v1/chat/completions', 'files': None, 'idempotency_key': 
'stainless-python-retry-4c896ff7-ecd0-47d7-b462-7db74398e3c5', 
'json_data': {'messages': [{'role': 'user', 'content': 'You are an 
expert at answering multiple-choice questions. \nFor the following 
question, select the SINGLE BEST answer from the given 
options.\n\nQuestion: ACCA stands for?\n\nOptions:\nA) Association 
of Chartered Certified Accountants\nB) American Council of 
Commerce Administration\nC) Accounting Committee Corporate 
Authority\nD) Allied Chartered Council of 
Auditors\n\nINSTRUCTIONS:\n1. Analyze the question and all options 
carefully\n2. If the question is unclear or lacks sufficient 
information, make your best educated guess\n3. Return ONLY the 
letter of the correct answer (A, B, C, etc.) in this exact 
format:\n   ANSWER: X\n   (where X is the letter of the correct 
option)\n'}], 'model': 'llama-3.3-70b-versatile', 'max_tokens': 
100, 'temperature': 0.1}}
DEBUG: close.started
DEBUG: close.complete
DEBUG: close.started
DEBUG: close.complete
DEBUG: close.started
DEBUG: close.complete
DEBUG: close.started
DEBUG: close.complete
DEBUG: close.started
DEBUG: close.complete
DEBUG: Sending HTTP Request: POST 
https://api.groq.com/openai/v1/chat/completions
DEBUG: connect_tcp.started host='api.groq.com' port=443 
local_address=None timeout=5.0 socket_options=None
DEBUG: connect_tcp.complete 
return_value=<httpcore._backends.sync.SyncStream object at 
0x0000019E066A7E70>
DEBUG: start_tls.started ssl_context=<ssl.SSLContext object at 
0x0000019E06685770> server_hostname='api.groq.com' timeout=5.0
DEBUG: start_tls.complete 
return_value=<httpcore._backends.sync.SyncStream object at 
0x0000019E066A7310>
DEBUG: send_request_headers.started request=<Request [b'POST']>
DEBUG: send_request_headers.complete
DEBUG: send_request_body.started request=<Request [b'POST']>
DEBUG: send_request_body.complete
DEBUG: receive_response_headers.started request=<Request [b'POST']>
DEBUG: receive_response_headers.complete 
return_value=(b'HTTP/1.1', 200, b'OK', [(b'Date', b'Thu, 27 Nov 
2025 17:39:22 GMT'), (b'Content-Type', b'application/json'), 
(b'Transfer-Encoding', b'chunked'), (b'Connection', 
b'keep-alive'), (b'Cache-Control', b'private, max-age=0, no-store, 
no-cache, must-revalidate'), (b'Server', b'cloudflare'), (b'vary', 
b'Origin'), (b'x-groq-region', b'bom'), 
(b'x-ratelimit-limit-requests', b'1000'), 
(b'x-ratelimit-limit-tokens', b'12000'), 
(b'x-ratelimit-remaining-requests', b'957'), 
(b'x-ratelimit-remaining-tokens', b'10555'), 
(b'x-ratelimit-reset-requests', b'1h1m55.2s'), 
(b'x-ratelimit-reset-tokens', b'7.225s'), (b'x-request-id', 
b'req_01kb36bxwbf2frk4awmd9vb80s'), (b'via', b'1.1 google'), 
(b'cf-cache-status', b'DYNAMIC'), (b'Content-Encoding', b'gzip'), 
(b'Set-Cookie', b'__cf_bm=kUPBlK2WYUjpH_GLYGSzXdfKFD7EHOzVAcQ5vmuzB
GY-1764265162.5919578-1.0.1.1-76Y7ws7C93p3lHQNwUcfGCYYMmhXQZjz37Uc1
7rrIWf3hYd3OUDhex8X1lw0NmVt4X6h6nnr.ZNbCzGLqLUIoLJ3qLxYCjyZkoRM7Ih.
VOQU0FZgxd3sNuiy6gHTybCh; HttpOnly; Secure; Path=/; 
Domain=groq.com; Expires=Thu, 27 Nov 2025 18:09:22 GMT'), 
(b'CF-RAY', b'9a536792395dfce2-SIN'), (b'alt-svc', b'h3=":443"; 
ma=86400')])
INFO: HTTP Request: POST 
https://api.groq.com/openai/v1/chat/completions "HTTP/1.1 200 OK"
DEBUG: receive_response_body.started request=<Request [b'POST']>
DEBUG: receive_response_body.complete
DEBUG: response_closed.started
DEBUG: response_closed.complete
DEBUG: HTTP Response: POST 
https://api.groq.com/openai/v1/chat/completions "200 OK" 
Headers({'date': 'Thu, 27 Nov 2025 17:39:22 GMT', 'content-type': 
'application/json', 'transfer-encoding': 'chunked', 'connection': 
'keep-alive', 'cache-control': 'private, max-age=0, no-store, 
no-cache, must-revalidate', 'server': 'cloudflare', 'vary': 
'Origin', 'x-groq-region': 'bom', 'x-ratelimit-limit-requests': 
'1000', 'x-ratelimit-limit-tokens': '12000', 
'x-ratelimit-remaining-requests': '957', 
'x-ratelimit-remaining-tokens': '10555', 
'x-ratelimit-reset-requests': '1h1m55.2s', 
'x-ratelimit-reset-tokens': '7.225s', 'x-request-id': 
'req_01kb36bxwbf2frk4awmd9vb80s', 'via': '1.1 google', 
'cf-cache-status': 'DYNAMIC', 'content-encoding': 'gzip', 
'set-cookie': '__cf_bm=kUPBlK2WYUjpH_GLYGSzXdfKFD7EHOzVAcQ5vmuzBGY-
1764265162.5919578-1.0.1.1-76Y7ws7C93p3lHQNwUcfGCYYMmhXQZjz37Uc17rr
IWf3hYd3OUDhex8X1lw0NmVt4X6h6nnr.ZNbCzGLqLUIoLJ3qLxYCjyZkoRM7Ih.VOQ
U0FZgxd3sNuiy6gHTybCh; HttpOnly; Secure; Path=/; Domain=groq.com; 
Expires=Thu, 27 Nov 2025 18:09:22 GMT', 'cf-ray': 
'9a536792395dfce2-SIN', 'alt-svc': 'h3=":443"; ma=86400'})
INFO: \U0001f916 Groq identified answer: ANSWER: A
INFO: \u2705 Answer identified: A (index 0)
INFO: \u2705 Extracted: ACCA stands for?... | Options: 4 | 
Correct: 0
INFO: \u2705 Successfully extracted 2 questions from chunk 1
INFO: \u2705 Total extracted 2 unique questions from all chunks 
(deduplicated from 6)
INFO: \u2705 Extracted 2 questions using Groq
INFO: 
===================================================================
=============
INFO: EXTRACTION RESULTS
INFO: =============================================================
===================
INFO: Total questions extracted: 2
INFO: 
===================================================================
=============
INFO: DETAILED RESULTS:
INFO: =============================================================
===================

INFO: Question 1:
INFO:   Question: What is the capital of France?
INFO:   Options: 4 options
INFO:     A) Paris
INFO:     B) London
INFO:     C) Berlin
INFO:     D) Rome
INFO:   Correct: 0
INFO:   Explanation: Paris is the capital of France
INFO: 
INFO: Question 2:
INFO:   Question: ACCA stands for?
INFO:   Options: 4 options
INFO:     A) Association of Chartered Certified Accountants
INFO:     B) American Council of Commerce Administration
INFO:     C) Accounting Committee Corporate Authority
INFO:     D) Allied Chartered Council of Auditors
INFO:   Correct: 0
INFO:   Explanation: ACCA stands for Association of Chartered 
Certified Accountants
INFO: 
INFO: 
===================================================================
=============
INFO: ISSUE DETECTION:
INFO: =============================================================
===================

INFO: \u2705 No duplicates detected
INFO: 
Checking for missing first characters:
INFO: \u2705 Q1 OK: 'What is the capital of France?'
INFO: \u2705 Q2 OK: 'ACCA stands for?'
INFO: 
\u2705 Results saved to: 
E:\ACCA-MCQ-Website\backend\test_extraction_output.json
DEBUG: close.started
DEBUG: close.complete
DEBUG: close.started
DEBUG: close.complete
